Parsed configuration options
============================

    format: html
    chunk_level: 1
    highlight_cache: false
    highlight_code: false
    images_base_dir: images/
    include_styles: true
    isbn: null
    labels: [array]
        0: appendix
        1: chapter
        2: figure
    margin: [array]
        top: 25mm
        bottom: 25mm
        inner: 30mm
        outter: 20mm
    page_size: A4
    theme: clean
    toc: [array]
        deep: 2
        elements: [array]
            0: appendix
            1: chapter
    two_sided: true
    use_html_toc: false
    extends: edition1



